============================= test session starts =============================
platform win32 -- Python 3.13.6, pytest-8.4.2, pluggy-1.6.0
rootdir: C:\Users\garce\Documents\repositories\crypto-signals
configfile: pyproject.toml
plugins: mock-3.15.1
collected 0 items / 1 error

=================================== ERRORS ====================================
_______________ ERROR collecting tests/test_pipeline_trades.py ________________
ImportError while importing test module 'C:\Users\garce\Documents\repositories\crypto-signals\tests\test_pipeline_trades.py'.
Hint: make sure your test modules/packages have valid Python names.
Traceback:
C:\Python313\Lib\importlib\__init__.py:88: in import_module
    return _bootstrap._gcd_import(name[level:], package, level)
           ^^^^^^^^^^^^^^^^^^^^^^^^^^^^^^^^^^^^^^^^^^^^^^^^^^^^
tests\test_pipeline_trades.py:10: in <module>
    from alpaca.common.enums import OrderSide as AlpacaOrderSide
E   ImportError: cannot import name 'OrderSide' from 'alpaca.common.enums' (C:\Users\garce\AppData\Local\pypoetry\Cache\virtualenvs\crypto-signals-7MErlAlc-py3.13\Lib\site-packages\alpaca\common\enums.py)
============================== warnings summary ===============================
..\..\..\AppData\Local\pypoetry\Cache\virtualenvs\crypto-signals-7MErlAlc-py3.13\Lib\site-packages\websockets\legacy\__init__.py:6
  C:\Users\garce\AppData\Local\pypoetry\Cache\virtualenvs\crypto-signals-7MErlAlc-py3.13\Lib\site-packages\websockets\legacy\__init__.py:6: DeprecationWarning: websockets.legacy is deprecated; see https://websockets.readthedocs.io/en/stable/howto/upgrade.html for upgrade instructions
    warnings.warn(  # deprecated in 14.0 - 2024-11-09

-- Docs: https://docs.pytest.org/en/stable/how-to/capture-warnings.html
=========================== short test summary info ===========================
ERROR tests/test_pipeline_trades.py
!!!!!!!!!!!!!!!!!!! Interrupted: 1 error during collection !!!!!!!!!!!!!!!!!!!!
========================= 1 warning, 1 error in 2.42s =========================
